// Jest Snapshot v1, https://goo.gl/fbAQLP

exports[`<LogoLink/> shoould match snapshot 1`] = `
<img
  alt="OlÃ¡ Mundo"
  src="image.jpg"
/>
`;
